
> course@0.0.0 build
> tsc -b && vite build

src/data/mockData.ts(1,10): error TS1484: 'Course' is a type and must be imported using a type-only import when 'verbatimModuleSyntax' is enabled.
src/data/mockData.ts(2,10): error TS1484: 'Webinar' is a type and must be imported using a type-only import when 'verbatimModuleSyntax' is enabled.
